npm error Missing script: "build"
npm error
npm error To see a list of scripts, run:
npm error   npm run
npm error A complete log of this run can be found in: C:\Users\vijay\AppData\Local\npm-cache\_logs\2026-02-09T18_16_15_085Z-debug-0.log
